{
    "exitcode": 1,
    "test_results": {
        "test/Invalid.t.sol:OldCompilerTest": [
            {
                "name": "check_assert(uint256)",
                "exitcode": 0,
                "num_models": 0,
                "num_paths": null,
                "time": null,
                "num_bounded_loops": null
            },
            {
                "name": "check_myAssert(uint256)",
                "exitcode": 1,
                "num_models": 1,
                "num_paths": null,
                "time": null,
                "num_bounded_loops": null
            }
        ],
        "test/Arith.t.sol:ArithTest": [
            {
                "name": "check_Exp(uint256)",
                "exitcode": 0,
                "num_models": 0,
                "num_paths": null,
                "time": null,
                "num_bounded_loops": null
            },
            {
                "name": "check_Mod(uint256,uint256,address)",
                "exitcode": 0,
                "num_models": 0,
                "num_paths": null,
                "time": null,
                "num_bounded_loops": null
            }
        ],
        "test/AssertTest.sol:CTest": [
            {
                "name": "check_bar()",
                "exitcode": 1,
                "num_models": 1,
                "num_paths": null,
                "time": null,
                "num_bounded_loops": null
            },
            {
                "name": "check_foo()",
                "exitcode": 0,
                "num_models": 0,
                "num_paths": null,
                "time": null,
                "num_bounded_loops": null
            }
        ],
        "test/Block.t.sol:BlockCheatCodeTest": [
            {
                "name": "check_chainId(uint64)",
                "exitcode": 0,
                "num_models": 0,
                "num_paths": null,
                "time": null,
                "num_bounded_loops": null
            },
            {
                "name": "check_coinbase(address)",
                "exitcode": 0,
                "num_models": 0,
                "num_paths": null,
                "time": null,
                "num_bounded_loops": null
            },
            {
                "name": "check_difficulty(uint256)",
                "exitcode": 0,
                "num_models": 0,
                "num_paths": null,
                "time": null,
                "num_bounded_loops": null
            },
            {
                "name": "check_fee(uint256)",
                "exitcode": 0,
                "num_models": 0,
                "num_paths": null,
                "time": null,
                "num_bounded_loops": null
            },
            {
                "name": "check_roll(uint256)",
                "exitcode": 0,
                "num_models": 0,
                "num_paths": null,
                "time": null,
                "num_bounded_loops": null
            },
            {
                "name": "check_warp(uint256)",
                "exitcode": 0,
                "num_models": 0,
                "num_paths": null,
                "time": null,
                "num_bounded_loops": null
            }
        ],
        "test/Byte.t.sol:ByteTest": [
            {
                "name": "check_byte(uint256,uint256)",
                "exitcode": 0,
                "num_models": 0,
                "num_paths": null,
                "time": null,
                "num_bounded_loops": null
            }
        ],
        "test/Byte.t.sol:SymbolicByteTest": [
            {
                "name": "check_SymbolicByteIndex(uint8,uint8)",
                "exitcode": 1,
                "num_models": 2,
                "num_paths": null,
                "time": null,
                "num_bounded_loops": null
            }
        ],
        "test/Console.t.sol:ConsoleTest": [
            {
                "name": "check_log()",
                "exitcode": 0,
                "num_models": 0,
                "num_paths": null,
                "time": null,
                "num_bounded_loops": null
            }
        ],
        "test/Const.t.sol:ConstTest": [
            {
                "name": "check_Const()",
                "exitcode": 0,
                "num_models": 0,
                "num_paths": null,
                "time": null,
                "num_bounded_loops": null
            }
        ],
        "test/Const.t.sol:ConstTestTest": [
            {
                "name": "check_Const()",
                "exitcode": 0,
                "num_models": 0,
                "num_paths": null,
                "time": null,
                "num_bounded_loops": null
            }
        ],
        "test/Counter.t.sol:CounterTest": [
            {
                "name": "check_div_1(uint256,uint256)",
                "exitcode": 0,
                "num_models": 0,
                "num_paths": null,
                "time": null,
                "num_bounded_loops": null
            },
            {
                "name": "check_div_2(uint256,uint256)",
                "exitcode": 0,
                "num_models": 0,
                "num_paths": null,
                "time": null,
                "num_bounded_loops": null
            },
            {
                "name": "check_foo(uint256,uint256,uint256,uint256)",
                "exitcode": 0,
                "num_models": 0,
                "num_paths": null,
                "time": null,
                "num_bounded_loops": null
            },
            {
                "name": "check_inc()",
                "exitcode": 0,
                "num_models": 0,
                "num_paths": null,
                "time": null,
                "num_bounded_loops": null
            },
            {
                "name": "check_incBy(uint256)",
                "exitcode": 0,
                "num_models": 0,
                "num_paths": null,
                "time": null,
                "num_bounded_loops": null
            },
            {
                "name": "check_incOpt()",
                "exitcode": 0,
                "num_models": 0,
                "num_paths": null,
                "time": null,
                "num_bounded_loops": null
            },
            {
                "name": "check_loopConst()",
                "exitcode": 0,
                "num_models": 0,
                "num_paths": null,
                "time": null,
                "num_bounded_loops": null
            },
            {
                "name": "check_loopConstIf()",
                "exitcode": 0,
                "num_models": 0,
                "num_paths": null,
                "time": null,
                "num_bounded_loops": null
            },
            {
                "name": "check_loopDoWhile(uint8)",
                "exitcode": 0,
                "num_models": 0,
                "num_paths": null,
                "time": null,
                "num_bounded_loops": null
            },
            {
                "name": "check_loopFor(uint8)",
                "exitcode": 0,
                "num_models": 0,
                "num_paths": null,
                "time": null,
                "num_bounded_loops": null
            },
            {
                "name": "check_loopWhile(uint8)",
                "exitcode": 0,
                "num_models": 0,
                "num_paths": null,
                "time": null,
                "num_bounded_loops": null
            },
            {
                "name": "check_mulDiv(uint256,uint256)",
                "exitcode": 0,
                "num_models": 0,
                "num_paths": null,
                "time": null,
                "num_bounded_loops": null
            },
            {
                "name": "check_set(uint256)",
                "exitcode": 0,
                "num_models": 0,
                "num_paths": null,
                "time": null,
                "num_bounded_loops": null
            },
            {
                "name": "check_setString(uint256,string,uint256,string,uint256)",
                "exitcode": 0,
                "num_models": 0,
                "num_paths": null,
                "time": null,
                "num_bounded_loops": null
            },
            {
                "name": "check_setSum(uint248,uint248)",
                "exitcode": 0,
                "num_models": 0,
                "num_paths": null,
                "time": null,
                "num_bounded_loops": null
            }
        ],
        "test/Create.t.sol:CreateTest": [
            {
                "name": "check_const()",
                "exitcode": 0,
                "num_models": 0,
                "num_paths": null,
                "time": null,
                "num_bounded_loops": null
            },
            {
                "name": "check_immutable()",
                "exitcode": 0,
                "num_models": 0,
                "num_paths": null,
                "time": null,
                "num_bounded_loops": null
            },
            {
                "name": "check_initialized()",
                "exitcode": 0,
                "num_models": 0,
                "num_paths": null,
                "time": null,
                "num_bounded_loops": null
            },
            {
                "name": "check_set(uint256)",
                "exitcode": 0,
                "num_models": 0,
                "num_paths": null,
                "time": null,
                "num_bounded_loops": null
            }
        ],
        "test/Deal.t.sol:DealTest": [
            {
                "name": "check_deal_1(address,uint256)",
                "exitcode": 0,
                "num_models": 0,
                "num_paths": null,
                "time": null,
                "num_bounded_loops": null
            },
            {
                "name": "check_deal_2(address,uint256,uint256)",
                "exitcode": 0,
                "num_models": 0,
                "num_paths": null,
                "time": null,
                "num_bounded_loops": null
            },
            {
                "name": "check_deal_new()",
                "exitcode": 0,
                "num_models": 0,
                "num_paths": null,
                "time": null,
                "num_bounded_loops": null
            }
        ],
        "test/Foundry.t.sol:FoundryTest": [
            {
                "name": "check_assume(uint256)",
                "exitcode": 0,
                "num_models": 0,
                "num_paths": null,
                "time": null,
                "num_bounded_loops": null
            },
            {
                "name": "check_deployCode(uint256)",
                "exitcode": 0,
                "num_models": 0,
                "num_paths": null,
                "time": null,
                "num_bounded_loops": null
            },
            {
                "name": "check_etch_Concrete()",
                "exitcode": 0,
                "num_models": 0,
                "num_paths": null,
                "time": null,
                "num_bounded_loops": null
            },
            {
                "name": "check_etch_Overwrite()",
                "exitcode": 0,
                "num_models": 0,
                "num_paths": null,
                "time": null,
                "num_bounded_loops": null
            }
        ],
        "test/Getter.t.sol:GetterTest": [
            {
                "name": "check_Getter(uint256)",
                "exitcode": 1,
                "num_models": 0,
                "num_paths": null,
                "time": null,
                "num_bounded_loops": null
            }
        ],
        "test/HalmosCheatCode.t.sol:HalmosCheatCodeTest": [
            {
                "name": "check_FailUnknownCheatcode()",
                "exitcode": 1,
                "num_models": 0,
                "num_paths": null,
                "time": null,
                "num_bounded_loops": null
            },
            {
                "name": "check_SymbolLabel()",
                "exitcode": 0,
                "num_models": 0,
                "num_paths": null,
                "time": null,
                "num_bounded_loops": null
            },
            {
                "name": "check_createAddress()",
                "exitcode": 0,
                "num_models": 0,
                "num_paths": null,
                "time": null,
                "num_bounded_loops": null
            },
            {
                "name": "check_createBool()",
                "exitcode": 0,
                "num_models": 0,
                "num_paths": null,
                "time": null,
                "num_bounded_loops": null
            },
            {
                "name": "check_createBytes()",
                "exitcode": 0,
                "num_models": 0,
                "num_paths": null,
                "time": null,
                "num_bounded_loops": null
            },
            {
                "name": "check_createBytes32()",
                "exitcode": 0,
                "num_models": 0,
                "num_paths": null,
                "time": null,
                "num_bounded_loops": null
            },
            {
                "name": "check_createUint()",
                "exitcode": 0,
                "num_models": 0,
                "num_paths": null,
                "time": null,
                "num_bounded_loops": null
            },
            {
                "name": "check_createUint256()",
                "exitcode": 0,
                "num_models": 0,
                "num_paths": null,
                "time": null,
                "num_bounded_loops": null
            }
        ],
        "test/Library.t.sol:LibraryTest": [
            {
                "name": "check_add(uint256,uint256)",
                "exitcode": 0,
                "num_models": 0,
                "num_paths": null,
                "time": null,
                "num_bounded_loops": null
            }
        ],
        "test/LibraryLinking.t.sol:LibTest": [],
        "test/LibraryLinking.t.sol:LibTest2": [
            {
                "name": "check_bar()",
                "exitcode": 0,
                "num_models": 0,
                "num_paths": null,
                "time": null,
                "num_bounded_loops": null
            }
        ],
        "test/List.t.sol:ListTest": [
            {
                "name": "check_add(uint256)",
                "exitcode": 0,
                "num_models": 0,
                "num_paths": null,
                "time": null,
                "num_bounded_loops": null
            },
            {
                "name": "check_remove()",
                "exitcode": 0,
                "num_models": 0,
                "num_paths": null,
                "time": null,
                "num_bounded_loops": null
            },
            {
                "name": "check_set(uint256,uint256)",
                "exitcode": 0,
                "num_models": 0,
                "num_paths": null,
                "time": null,
                "num_bounded_loops": null
            }
        ],
        "test/List.t.sol:ListTestTest": [
            {
                "name": "check_add(uint256)",
                "exitcode": 0,
                "num_models": 0,
                "num_paths": null,
                "time": null,
                "num_bounded_loops": null
            },
            {
                "name": "check_remove()",
                "exitcode": 0,
                "num_models": 0,
                "num_paths": null,
                "time": null,
                "num_bounded_loops": null
            },
            {
                "name": "check_set(uint256,uint256)",
                "exitcode": 0,
                "num_models": 0,
                "num_paths": null,
                "time": null,
                "num_bounded_loops": null
            }
        ],
        "test/Math.t.sol:MathTest": [
            {
                "name": "check_Avg(uint256,uint256)",
                "exitcode": 1,
                "num_models": 1,
                "num_paths": null,
                "time": null,
                "num_bounded_loops": null
            }
        ],
        "test/Natspec.t.sol:NatspecTestContract": [
            {
                "name": "check_Loop3(uint256)",
                "exitcode": 0,
                "num_models": 0,
                "num_paths": null,
                "time": null,
                "num_bounded_loops": null
            },
            {
                "name": "check_Loop3Fail(uint256)",
                "exitcode": 1,
                "num_models": 1,
                "num_paths": null,
                "time": null,
                "num_bounded_loops": null
            }
        ],
        "test/Natspec.t.sol:NatspecTestFunction": [
            {
                "name": "check_Loop2(uint256)",
                "exitcode": 0,
                "num_models": 0,
                "num_paths": null,
                "time": null,
                "num_bounded_loops": null
            },
            {
                "name": "check_Loop2Fail(uint256)",
                "exitcode": 1,
                "num_models": 1,
                "num_paths": null,
                "time": null,
                "num_bounded_loops": null
            },
            {
                "name": "check_Loop3(uint256)",
                "exitcode": 0,
                "num_models": 0,
                "num_paths": null,
                "time": null,
                "num_bounded_loops": null
            },
            {
                "name": "check_Loop3Fail(uint256)",
                "exitcode": 1,
                "num_models": 1,
                "num_paths": null,
                "time": null,
                "num_bounded_loops": null
            }
        ],
        "test/Natspec.t.sol:NatspecTestNone": [
            {
                "name": "check_Loop2(uint256)",
                "exitcode": 0,
                "num_models": 0,
                "num_paths": null,
                "time": null,
                "num_bounded_loops": null
            },
            {
                "name": "check_Loop2Fail(uint256)",
                "exitcode": 1,
                "num_models": 1,
                "num_paths": null,
                "time": null,
                "num_bounded_loops": null
            }
        ],
        "test/Natspec.t.sol:NatspecTestOverwrite": [
            {
                "name": "check_Loop3(uint256)",
                "exitcode": 0,
                "num_models": 0,
                "num_paths": null,
                "time": null,
                "num_bounded_loops": null
            },
            {
                "name": "check_Loop3Fail(uint256)",
                "exitcode": 1,
                "num_models": 1,
                "num_paths": null,
                "time": null,
                "num_bounded_loops": null
            },
            {
                "name": "check_Loop4(uint256)",
                "exitcode": 0,
                "num_models": 0,
                "num_paths": null,
                "time": null,
                "num_bounded_loops": null
            },
            {
                "name": "check_Loop4Fail(uint256)",
                "exitcode": 1,
                "num_models": 1,
                "num_paths": null,
                "time": null,
                "num_bounded_loops": null
            }
        ],
        "test/Natspec.t.sol:NatspecTestSetup": [
            {
                "name": "check_Loop2(uint256)",
                "exitcode": 0,
                "num_models": 0,
                "num_paths": null,
                "time": null,
                "num_bounded_loops": null
            },
            {
                "name": "check_Loop2Fail(uint256)",
                "exitcode": 1,
                "num_models": 1,
                "num_paths": null,
                "time": null,
                "num_bounded_loops": null
            }
        ],
        "test/Opcode.t.sol:OpcodeTest": [
            {
                "name": "check_PUSH0()",
                "exitcode": 0,
                "num_models": 0,
                "num_paths": null,
                "time": null,
                "num_bounded_loops": null
            },
            {
                "name": "check_SIGNEXTEND(uint256)",
                "exitcode": 0,
                "num_models": 0,
                "num_paths": null,
                "time": null,
                "num_bounded_loops": null
            }
        ],
        "test/Prank.t.sol:PrankSetUpTest": [
            {
                "name": "check_prank(address)",
                "exitcode": 0,
                "num_models": 0,
                "num_paths": null,
                "time": null,
                "num_bounded_loops": null
            }
        ],
        "test/Prank.t.sol:PrankTest": [
            {
                "name": "check_prank(address)",
                "exitcode": 0,
                "num_models": 0,
                "num_paths": null,
                "time": null,
                "num_bounded_loops": null
            },
            {
                "name": "check_prank_Constructor(address)",
                "exitcode": 0,
                "num_models": 0,
                "num_paths": null,
                "time": null,
                "num_bounded_loops": null
            },
            {
                "name": "check_prank_External(address)",
                "exitcode": 0,
                "num_models": 0,
                "num_paths": null,
                "time": null,
                "num_bounded_loops": null
            },
            {
                "name": "check_prank_ExternalSelf(address)",
                "exitcode": 0,
                "num_models": 0,
                "num_paths": null,
                "time": null,
                "num_bounded_loops": null
            },
            {
                "name": "check_prank_Internal(address)",
                "exitcode": 0,
                "num_models": 0,
                "num_paths": null,
                "time": null,
                "num_bounded_loops": null
            },
            {
                "name": "check_prank_New(address)",
                "exitcode": 0,
                "num_models": 0,
                "num_paths": null,
                "time": null,
                "num_bounded_loops": null
            },
            {
                "name": "check_prank_Reset1(address)",
                "exitcode": 0,
                "num_models": 0,
                "num_paths": null,
                "time": null,
                "num_bounded_loops": null
            },
            {
                "name": "check_prank_Reset2(address)",
                "exitcode": 0,
                "num_models": 0,
                "num_paths": null,
                "time": null,
                "num_bounded_loops": null
            },
            {
                "name": "check_startPrank(address)",
                "exitcode": 0,
                "num_models": 0,
                "num_paths": null,
                "time": null,
                "num_bounded_loops": null
            },
            {
                "name": "check_stopPrank_1(address)",
                "exitcode": 0,
                "num_models": 0,
                "num_paths": null,
                "time": null,
                "num_bounded_loops": null
            },
            {
                "name": "check_stopPrank_2()",
                "exitcode": 0,
                "num_models": 0,
                "num_paths": null,
                "time": null,
                "num_bounded_loops": null
            }
        ],
        "test/Proxy.t.sol:ProxyTest": [
            {
                "name": "check_foo(uint256)",
                "exitcode": 1,
                "num_models": 0,
                "num_paths": null,
                "time": null,
                "num_bounded_loops": null
            }
        ],
        "test/Reset.t.sol:ResetTest": [
            {
                "name": "check_foo()",
                "exitcode": 0,
                "num_models": 0,
                "num_paths": null,
                "time": null,
                "num_bounded_loops": null
            }
        ],
        "test/Revert.t.sol:CTest": [
            {
                "name": "check_Revert1(uint256)",
                "exitcode": 0,
                "num_models": 0,
                "num_paths": null,
                "time": null,
                "num_bounded_loops": null
            },
            {
                "name": "check_Revert2(uint256)",
                "exitcode": 0,
                "num_models": 0,
                "num_paths": null,
                "time": null,
                "num_bounded_loops": null
            },
            {
                "name": "check_RevertBalance(bool,uint256)",
                "exitcode": 0,
                "num_models": 0,
                "num_paths": null,
                "time": null,
                "num_bounded_loops": null
            },
            {
                "name": "check_RevertCode(address)",
                "exitcode": 0,
                "num_models": 0,
                "num_paths": null,
                "time": null,
                "num_bounded_loops": null
            }
        ],
        "test/Send.t.sol:SendTest": [
            {
                "name": "check_Send(address,uint256,address)",
                "exitcode": 0,
                "num_models": 0,
                "num_paths": null,
                "time": null,
                "num_bounded_loops": null
            },
            {
                "name": "check_SendSelf(address,uint256,address)",
                "exitcode": 0,
                "num_models": 0,
                "num_paths": null,
                "time": null,
                "num_bounded_loops": null
            }
        ],
        "test/Setup.t.sol:SetupFailTest": [],
        "test/Setup.t.sol:SetupTest": [
            {
                "name": "check_True()",
                "exitcode": 0,
                "num_models": 0,
                "num_paths": null,
                "time": null,
                "num_bounded_loops": null
            }
        ],
        "test/SetupPlus.t.sol:SetupPlusTest": [
            {
                "name": "check_Setup()",
                "exitcode": 0,
                "num_models": 0,
                "num_paths": null,
                "time": null,
                "num_bounded_loops": null
            }
        ],
        "test/SetupPlus.t.sol:SetupPlusTestB": [
            {
                "name": "check_Setup()",
                "exitcode": 0,
                "num_models": 0,
                "num_paths": null,
                "time": null,
                "num_bounded_loops": null
            }
        ],
        "test/SetupSymbolic.t.sol:SetupSymbolicTest": [
            {
                "name": "check_True()",
                "exitcode": 0,
                "num_models": 0,
                "num_paths": null,
                "time": null,
                "num_bounded_loops": null
            }
        ],
        "test/SignExtend.t.sol:SignExtendTest": [
            {
                "name": "check_SIGNEXTEND(int16)",
                "exitcode": 0,
                "num_models": 0,
                "num_paths": null,
                "time": null,
                "num_bounded_loops": null
            }
        ],
        "test/Solver.t.sol:SolverTest": [
            {
                "name": "check_foo(uint256,uint256)",
                "exitcode": 1,
                "num_models": 1,
                "num_paths": null,
                "time": null,
                "num_bounded_loops": null
            }
        ],
        "test/Storage.t.sol:StorageTest": [
            {
                "name": "check_addArr1(uint256)",
                "exitcode": 0,
                "num_models": 0,
                "num_paths": null,
                "time": null,
                "num_bounded_loops": null
            },
            {
                "name": "check_addArr2(uint256,uint256)",
                "exitcode": 0,
                "num_models": 0,
                "num_paths": null,
                "time": null,
                "num_bounded_loops": null
            },
            {
                "name": "check_addMap1Arr1(uint256,uint256)",
                "exitcode": 0,
                "num_models": 0,
                "num_paths": null,
                "time": null,
                "num_bounded_loops": null
            },
            {
                "name": "check_setMap1(uint256,uint256)",
                "exitcode": 0,
                "num_models": 0,
                "num_paths": null,
                "time": null,
                "num_bounded_loops": null
            },
            {
                "name": "check_setMap2(uint256,uint256,uint256)",
                "exitcode": 0,
                "num_models": 0,
                "num_paths": null,
                "time": null,
                "num_bounded_loops": null
            },
            {
                "name": "check_setMap3(uint256,uint256,uint256,uint256)",
                "exitcode": 0,
                "num_models": 0,
                "num_paths": null,
                "time": null,
                "num_bounded_loops": null
            }
        ],
        "test/Store.t.sol:StoreTest": [
            {
                "name": "check_store_Array(uint256,uint256)",
                "exitcode": 0,
                "num_models": 0,
                "num_paths": null,
                "time": null,
                "num_bounded_loops": null
            },
            {
                "name": "check_store_Mapping(uint256,uint256)",
                "exitcode": 0,
                "num_models": 0,
                "num_paths": null,
                "time": null,
                "num_bounded_loops": null
            },
            {
                "name": "check_store_Scalar(uint256)",
                "exitcode": 0,
                "num_models": 0,
                "num_paths": null,
                "time": null,
                "num_bounded_loops": null
            }
        ],
        "test/Struct.t.sol:StructTest": [
            {
                "name": "check_Struct((uint256,uint256))",
                "exitcode": 2,
                "num_models": null,
                "num_paths": null,
                "time": null,
                "num_bounded_loops": null
            }
        ],
        "test/TestConstructor.t.sol:TestConstructorTest": [
            {
                "name": "check_value()",
                "exitcode": 1,
                "num_models": 1,
                "num_paths": null,
                "time": null,
                "num_bounded_loops": null
            }
        ],
        "test/Token.t.sol:TokenTest": [
            {
                "name": "check_BalanceInvariant()",
                "exitcode": 1,
                "num_models": 2,
                "num_paths": null,
                "time": null,
                "num_bounded_loops": null
            }
        ],
        "test/UnsupportedOpcode.t.sol:X": [
            {
                "name": "check_foo()",
                "exitcode": 1,
                "num_models": 0,
                "num_paths": null,
                "time": null,
                "num_bounded_loops": null
            }
        ],
        "test/UnsupportedOpcode.t.sol:Y": [
            {
                "name": "check_foo()",
                "exitcode": 1,
                "num_models": 0,
                "num_paths": null,
                "time": null,
                "num_bounded_loops": null
            }
        ],
        "test/UnsupportedOpcode.t.sol:Z": [
            {
                "name": "check_foo()",
                "exitcode": 1,
                "num_models": 0,
                "num_paths": null,
                "time": null,
                "num_bounded_loops": null
            }
        ],
        "test/Warp.t.sol:WarpTest": [
            {
                "name": "check_warp(uint256)",
                "exitcode": 0,
                "num_models": 0,
                "num_paths": null,
                "time": null,
                "num_bounded_loops": null
            },
            {
                "name": "check_warp_External(uint256)",
                "exitcode": 0,
                "num_models": 0,
                "num_paths": null,
                "time": null,
                "num_bounded_loops": null
            },
            {
                "name": "check_warp_ExternalSelf(uint256)",
                "exitcode": 0,
                "num_models": 0,
                "num_paths": null,
                "time": null,
                "num_bounded_loops": null
            },
            {
                "name": "check_warp_Internal(uint256)",
                "exitcode": 0,
                "num_models": 0,
                "num_paths": null,
                "time": null,
                "num_bounded_loops": null
            },
            {
                "name": "check_warp_New(uint256)",
                "exitcode": 0,
                "num_models": 0,
                "num_paths": null,
                "time": null,
                "num_bounded_loops": null
            },
            {
                "name": "check_warp_Reset(uint256,uint256)",
                "exitcode": 0,
                "num_models": 0,
                "num_paths": null,
                "time": null,
                "num_bounded_loops": null
            },
            {
                "name": "check_warp_SetUp()",
                "exitcode": 0,
                "num_models": 0,
                "num_paths": null,
                "time": null,
                "num_bounded_loops": null
            }
        ]
    }
}