{
    "exitcode": 0,
    "test_results": {
        "test/Counter.t.sol:CounterTest": [
            {
                "name": "checkDiv1(uint256,uint256)",
                "exitcode": 0,
                "num_models": 0,
                "num_paths": null,
                "time": null,
                "num_bounded_loops": null
            },
            {
                "name": "checkDiv2(uint256,uint256)",
                "exitcode": 0,
                "num_models": 0,
                "num_paths": null,
                "time": null,
                "num_bounded_loops": null
            },
            {
                "name": "checkFoo(uint256,uint256,uint256,uint256)",
                "exitcode": 0,
                "num_models": 0,
                "num_paths": null,
                "time": null,
                "num_bounded_loops": null
            },
            {
                "name": "checkInc()",
                "exitcode": 0,
                "num_models": 0,
                "num_paths": null,
                "time": null,
                "num_bounded_loops": null
            },
            {
                "name": "checkIncBy(uint256)",
                "exitcode": 0,
                "num_models": 0,
                "num_paths": null,
                "time": null,
                "num_bounded_loops": null
            },
            {
                "name": "checkIncOpt()",
                "exitcode": 0,
                "num_models": 0,
                "num_paths": null,
                "time": null,
                "num_bounded_loops": null
            },
            {
                "name": "checkLoopConst()",
                "exitcode": 0,
                "num_models": 0,
                "num_paths": null,
                "time": null,
                "num_bounded_loops": null
            },
            {
                "name": "checkLoopConstIf()",
                "exitcode": 0,
                "num_models": 0,
                "num_paths": null,
                "time": null,
                "num_bounded_loops": null
            },
            {
                "name": "checkLoopDoWhile(uint8)",
                "exitcode": 0,
                "num_models": 0,
                "num_paths": null,
                "time": null,
                "num_bounded_loops": null
            },
            {
                "name": "checkLoopFor(uint8)",
                "exitcode": 0,
                "num_models": 0,
                "num_paths": null,
                "time": null,
                "num_bounded_loops": null
            },
            {
                "name": "checkLoopWhile(uint8)",
                "exitcode": 0,
                "num_models": 0,
                "num_paths": null,
                "time": null,
                "num_bounded_loops": null
            },
            {
                "name": "checkMulDiv(uint256,uint256)",
                "exitcode": 0,
                "num_models": 0,
                "num_paths": null,
                "time": null,
                "num_bounded_loops": null
            },
            {
                "name": "checkSet(uint256)",
                "exitcode": 0,
                "num_models": 0,
                "num_paths": null,
                "time": null,
                "num_bounded_loops": null
            },
            {
                "name": "checkSetString(uint256,string,uint256,string,uint256)",
                "exitcode": 0,
                "num_models": 0,
                "num_paths": null,
                "time": null,
                "num_bounded_loops": null
            },
            {
                "name": "checkSetSum(uint248,uint248)",
                "exitcode": 0,
                "num_models": 0,
                "num_paths": null,
                "time": null,
                "num_bounded_loops": null
            }
        ]
    }
}