{
    "exitcode": 0,
    "test_results": {
        "test/OpenZeppelinERC721.t.sol:OpenZeppelinERC721Test": [
            {
                "name": "check_NoBackdoor(bytes4)",
                "exitcode": 0,
                "num_models": 0,
                "models": null,
                "num_paths": null,
                "time": null,
                "num_bounded_loops": null
            },
            {
                "name": "check_transferFrom(address,address,address,address,uint256,uint256)",
                "exitcode": 0,
                "num_models": 0,
                "models": null,
                "num_paths": null,
                "time": null,
                "num_bounded_loops": null
            }
        ],
        "test/SoladyERC721.t.sol:SoladyERC721Test": [
            {
                "name": "check_NoBackdoor(bytes4)",
                "exitcode": 0,
                "num_models": 0,
                "models": null,
                "num_paths": null,
                "time": null,
                "num_bounded_loops": null
            },
            {
                "name": "check_transferFrom(address,address,address,address,uint256,uint256)",
                "exitcode": 0,
                "num_models": 0,
                "models": null,
                "num_paths": null,
                "time": null,
                "num_bounded_loops": null
            }
        ],
        "test/SolmateERC721.t.sol:SolmateERC721Test": [
            {
                "name": "check_NoBackdoor(bytes4)",
                "exitcode": 0,
                "num_models": 0,
                "models": null,
                "num_paths": null,
                "time": null,
                "num_bounded_loops": null
            },
            {
                "name": "check_transferFrom(address,address,address,address,uint256,uint256)",
                "exitcode": 0,
                "num_models": 0,
                "models": null,
                "num_paths": null,
                "time": null,
                "num_bounded_loops": null
            }
        ]
    }
}