{
    "exitcode": 1,
    "test_results": {
        "test/Ffi.t.sol:FfiTest": [
            {
                "name": "check_Failure()",
                "exitcode": 5,
                "num_models": null,
                "models": null,
                "num_paths": null,
                "time": null,
                "num_bounded_loops": null
            },
            {
                "name": "check_HexOutput()",
                "exitcode": 0,
                "num_models": 0,
                "models": null,
                "num_paths": null,
                "time": null,
                "num_bounded_loops": null
            },
            {
                "name": "check_ImplicitHexStringOutput()",
                "exitcode": 0,
                "num_models": 0,
                "models": null,
                "num_paths": null,
                "time": null,
                "num_bounded_loops": null
            },
            {
                "name": "check_Stderr()",
                "exitcode": 0,
                "num_models": 0,
                "models": null,
                "num_paths": null,
                "time": null,
                "num_bounded_loops": null
            },
            {
                "name": "check_StringOutput()",
                "exitcode": 0,
                "num_models": 0,
                "models": null,
                "num_paths": null,
                "time": null,
                "num_bounded_loops": null
            }
        ]
    }
}