{
    "exitcode": 1,
    "test_results": {
        "test/Fork.t.sol:CounterForkTest": [
            {
                "name": "check_invariant(address)",
                "exitcode": 0,
                "num_models": 0,
                "models": null,
                "num_paths": null,
                "time": null,
                "num_bounded_loops": null
            },
            {
                "name": "check_setup()",
                "exitcode": 0,
                "num_models": 0,
                "models": null,
                "num_paths": null,
                "time": null,
                "num_bounded_loops": null
            }
        ],
        "test/IsPowerOfTwo.t.sol:IsPowerOfTwoTest": [
            {
                "name": "check_eq_isPowerOfTwo_isPowerOfTwoIter(uint256)",
                "exitcode": 0,
                "num_models": 0,
                "models": null,
                "num_paths": null,
                "time": null,
                "num_bounded_loops": null
            },
            {
                "name": "check_isPowerOfTwo(uint256)",
                "exitcode": 0,
                "num_models": 0,
                "models": null,
                "num_paths": null,
                "time": null,
                "num_bounded_loops": null
            },
            {
                "name": "check_isPowerOfTwo_small(uint8)",
                "exitcode": 0,
                "num_models": 0,
                "models": null,
                "num_paths": null,
                "time": null,
                "num_bounded_loops": null
            }
        ],
        "test/TotalPrice.t.sol:TotalPriceTest": [
            {
                "name": "check_eq_totalPriceFixed_totalPriceConservative(uint96,uint32)",
                "exitcode": 0,
                "num_models": 0,
                "models": null,
                "num_paths": null,
                "time": null,
                "num_bounded_loops": null
            },
            {
                "name": "check_totalPriceBuggy(uint96,uint32)",
                "exitcode": 1,
                "num_models": 1,
                "models": null,
                "num_paths": null,
                "time": null,
                "num_bounded_loops": null
            },
            {
                "name": "check_totalPriceFixed(uint96,uint32)",
                "exitcode": 0,
                "num_models": 0,
                "models": null,
                "num_paths": null,
                "time": null,
                "num_bounded_loops": null
            }
        ],
        "test/Vault.t.sol:VaultTest": [
            {
                "name": "check_deposit(uint256)",
                "exitcode": 2,
                "num_models": 0,
                "models": null,
                "num_paths": null,
                "time": null,
                "num_bounded_loops": null
            },
            {
                "name": "check_mint(uint256)",
                "exitcode": 1,
                "num_models": 1,
                "models": null,
                "num_paths": null,
                "time": null,
                "num_bounded_loops": null
            }
        ]
    }
}