{
    "exitcode": 0,
    "test_results": {
        "test/Storage.t.sol:StorageTest": [
            {
                "name": "checkAddArr1(uint256)",
                "exitcode": 0,
                "num_models": 0,
                "num_paths": null,
                "time": null,
                "num_bounded_loops": null
            },
            {
                "name": "checkAddArr2(uint256,uint256)",
                "exitcode": 0,
                "num_models": 0,
                "num_paths": null,
                "time": null,
                "num_bounded_loops": null
            },
            {
                "name": "checkAddMap1Arr1(uint256,uint256)",
                "exitcode": 0,
                "num_models": 0,
                "num_paths": null,
                "time": null,
                "num_bounded_loops": null
            },
            {
                "name": "checkSetMap1(uint256,uint256)",
                "exitcode": 0,
                "num_models": 0,
                "num_paths": null,
                "time": null,
                "num_bounded_loops": null
            },
            {
                "name": "checkSetMap2(uint256,uint256,uint256)",
                "exitcode": 0,
                "num_models": 0,
                "num_paths": null,
                "time": null,
                "num_bounded_loops": null
            },
            {
                "name": "checkSetMap3(uint256,uint256,uint256,uint256)",
                "exitcode": 0,
                "num_models": 0,
                "num_paths": null,
                "time": null,
                "num_bounded_loops": null
            }
        ]
    }
}